<?xml version="1.0" encoding="utf-8"?><testsuites name="pytest tests"><testsuite name="pytest" errors="0" failures="0" skipped="0" tests="235" time="1.847" timestamp="2026-06-08T01:57:27.689036+03:00" hostname="MatePC"><testcase classname="tests.integration.test_full_workflow.TestEventLifecycle" name="test_create_publish_complete" time="0.004" /><testcase classname="tests.integration.test_full_workflow.TestEventLifecycle" name="test_create_publish_cancel_notifies" time="0.001" /><testcase classname="tests.integration.test_full_workflow.TestEventLifecycle" name="test_update_published_event" time="0.001" /><testcase classname="tests.integration.test_full_workflow.TestRegistrationWorkflow" name="test_register_confirm_checkin" time="0.001" /><testcase classname="tests.integration.test_full_workflow.TestRegistrationWorkflow" name="test_waitlist_promotion_on_cancel" time="0.001" /><testcase classname="tests.integration.test_full_workflow.TestRegistrationWorkflow" name="test_waitlist_observer_fires" time="0.001" /><testcase classname="tests.integration.test_full_workflow.TestRegistrationWorkflow" name="test_full_event_fires_event" time="0.001" /><testcase classname="tests.integration.test_full_workflow.TestRegistrationWorkflow" name="test_multiple_registrations_stats" time="0.001" /><testcase classname="tests.integration.test_full_workflow.TestCalendarIntegration" name="test_calendar_shows_upcoming" time="0.001" /><testcase classname="tests.integration.test_full_workflow.TestCalendarIntegration" name="test_calendar_excludes_cancelled" time="0.001" /><testcase classname="tests.integration.test_full_workflow.TestCalendarIntegration" name="test_calendar_filter_by_location" time="0.001" /><testcase classname="tests.integration.test_full_workflow.TestCalendarIntegration" name="test_calendar_filter_by_tag" time="0.001" /><testcase classname="tests.integration.test_full_workflow.TestCalendarIntegration" name="test_calendar_price_range" time="0.001" /><testcase classname="tests.integration.test_full_workflow.TestSortStrategySwitch" name="test_switch_to_popularity" time="0.001" /><testcase classname="tests.integration.test_full_workflow.TestSortStrategySwitch" name="test_user_admin_workflow" time="0.002" /><testcase classname="tests.integration.test_full_workflow.TestNotificationIntegration" name="test_send_bulk_to_registrants" time="0.002" /><testcase classname="tests.integration.test_full_workflow.TestNotificationIntegration" name="test_mark_all_read" time="0.001" /><testcase classname="tests.unit.test_calendar_service.TestGetEventsOnDate" name="test_events_on_specific_date" time="0.001" /><testcase classname="tests.unit.test_calendar_service.TestGetEventsOnDate" name="test_no_events_on_empty_date" time="0.002" /><testcase classname="tests.unit.test_calendar_service.TestGetEventsInRange" name="test_events_in_range" time="0.001" /><testcase classname="tests.unit.test_calendar_service.TestGetEventsInRange" name="test_empty_range" time="0.002" /><testcase classname="tests.unit.test_calendar_service.TestGetUpcomingEvents" name="test_only_published_or_full" time="0.001" /><testcase classname="tests.unit.test_calendar_service.TestGetUpcomingEvents" name="test_sorted_ascending" time="0.001" /><testcase classname="tests.unit.test_calendar_service.TestGetEventsByMonth" name="test_events_by_month" time="0.002" /><testcase classname="tests.unit.test_calendar_service.TestGetFreeEvents" name="test_only_free_and_available" time="0.001" /><testcase classname="tests.unit.test_calendar_service.TestGetEventsByLocation" name="test_find_by_location" time="0.001" /><testcase classname="tests.unit.test_calendar_service.TestGetEventsByLocation" name="test_case_insensitive" time="0.001" /><testcase classname="tests.unit.test_calendar_service.TestGetEventsByTag" name="test_find_by_tag" time="0.001" /><testcase classname="tests.unit.test_calendar_service.TestGetEventsByTag" name="test_tag_not_found_empty" time="0.001" /><testcase classname="tests.unit.test_calendar_service.TestGetEventsByPriceRange" name="test_price_range" time="0.001" /><testcase classname="tests.unit.test_calendar_service.TestGetEventsByPriceRange" name="test_free_only" time="0.001" /><testcase classname="tests.unit.test_calendar_service.TestSortStrategySwitch" name="test_switch_strategy" time="0.001" /><testcase classname="tests.unit.test_event_model.TestEventCreation" name="test_default_status_draft" time="0.001" /><testcase classname="tests.unit.test_event_model.TestEventCreation" name="test_default_price_zero" time="0.001" /><testcase classname="tests.unit.test_event_model.TestEventCreation" name="test_default_registered_count_zero" time="0.001" /><testcase classname="tests.unit.test_event_model.TestEventCreation" name="test_is_free_when_price_zero" time="0.001" /><testcase classname="tests.unit.test_event_model.TestEventCreation" name="test_not_free_when_price_set" time="0.001" /><testcase classname="tests.unit.test_event_model.TestEventCreation" name="test_spots_left_equals_capacity_initially" time="0.001" /><testcase classname="tests.unit.test_event_model.TestEventCreation" name="test_repr_contains_id_and_title" time="0.001" /><testcase classname="tests.unit.test_event_model.TestEventAvailability" name="test_draft_event_not_available" time="0.001" /><testcase classname="tests.unit.test_event_model.TestEventAvailability" name="test_published_event_available" time="0.001" /><testcase classname="tests.unit.test_event_model.TestEventAvailability" name="test_cancelled_event_not_available" time="0.001" /><testcase classname="tests.unit.test_event_model.TestEventAvailability" name="test_full_event_not_available" time="0.003" /><testcase classname="tests.unit.test_event_model.TestEventPublish" name="test_publish_draft_succeeds" time="0.001" /><testcase classname="tests.unit.test_event_model.TestEventPublish" name="test_publish_already_published_fails" time="0.001" /><testcase classname="tests.unit.test_event_model.TestEventPublish" name="test_publish_cancelled_fails" time="0.001" /><testcase classname="tests.unit.test_event_model.TestEventCancel" name="test_cancel_draft_succeeds" time="0.000" /><testcase classname="tests.unit.test_event_model.TestEventCancel" name="test_cancel_published_succeeds" time="0.001" /><testcase classname="tests.unit.test_event_model.TestEventCancel" name="test_cancel_completed_fails" time="0.001" /><testcase classname="tests.unit.test_event_model.TestEventCancel" name="test_cancel_already_cancelled_fails" time="0.001" /><testcase classname="tests.unit.test_event_model.TestEventComplete" name="test_complete_published_succeeds" time="0.001" /><testcase classname="tests.unit.test_event_model.TestEventComplete" name="test_complete_full_succeeds" time="0.001" /><testcase classname="tests.unit.test_event_model.TestEventComplete" name="test_complete_draft_fails" time="0.001" /><testcase classname="tests.unit.test_event_model.TestEventRegistration" name="test_register_spot_decrements_available" time="0.001" /><testcase classname="tests.unit.test_event_model.TestEventRegistration" name="test_last_spot_sets_full_status" time="0.001" /><testcase classname="tests.unit.test_event_model.TestEventRegistration" name="test_register_when_full_fails" time="0.001" /><testcase classname="tests.unit.test_event_model.TestEventRegistration" name="test_unregister_restores_published_status" time="0.001" /><testcase classname="tests.unit.test_event_model.TestEventRegistration" name="test_unregister_when_zero_registered_safe" time="0.001" /><testcase classname="tests.unit.test_event_model.TestEventDuration" name="test_duration_hours" time="0.001" /><testcase classname="tests.unit.test_event_model.TestEventDuration" name="test_duration_fractional" time="0.001" /><testcase classname="tests.unit.test_event_model.TestEventEquality" name="test_equal_by_id" time="0.001" /><testcase classname="tests.unit.test_event_model.TestEventEquality" name="test_not_equal_different_id" time="0.001" /><testcase classname="tests.unit.test_event_model.TestEventEquality" name="test_hashable" time="0.001" /><testcase classname="tests.unit.test_event_model.TestEventEquality" name="test_not_equal_to_non_event" time="0.001" /><testcase classname="tests.unit.test_event_service.TestCreateEvent" name="test_create_success" time="0.001" /><testcase classname="tests.unit.test_event_service.TestCreateEvent" name="test_end_before_start_raises" time="0.002" /><testcase classname="tests.unit.test_event_service.TestCreateEvent" name="test_equal_start_end_raises" time="0.002" /><testcase classname="tests.unit.test_event_service.TestCreateEvent" name="test_zero_capacity_raises" time="0.002" /><testcase classname="tests.unit.test_event_service.TestCreateEvent" name="test_with_tags" time="0.001" /><testcase classname="tests.unit.test_event_service.TestPublishEvent" name="test_publish_by_organizer" time="0.002" /><testcase classname="tests.unit.test_event_service.TestPublishEvent" name="test_publish_by_wrong_user_raises" time="0.001" /><testcase classname="tests.unit.test_event_service.TestPublishEvent" name="test_publish_missing_event_raises" time="0.002" /><testcase classname="tests.unit.test_event_service.TestPublishEvent" name="test_publish_already_published_raises" time="0.002" /><testcase classname="tests.unit.test_event_service.TestCancelEvent" name="test_cancel_by_organizer" time="0.002" /><testcase classname="tests.unit.test_event_service.TestCancelEvent" name="test_cancel_wrong_user_raises" time="0.002" /><testcase classname="tests.unit.test_event_service.TestCancelEvent" name="test_cancel_completed_raises" time="0.001" /><testcase classname="tests.unit.test_event_service.TestCompleteEvent" name="test_complete_published" time="0.002" /><testcase classname="tests.unit.test_event_service.TestCompleteEvent" name="test_complete_wrong_user_raises" time="0.002" /><testcase classname="tests.unit.test_event_service.TestUpdateEvent" name="test_update_title" time="0.002" /><testcase classname="tests.unit.test_event_service.TestUpdateEvent" name="test_update_wrong_user_raises" time="0.002" /><testcase classname="tests.unit.test_event_service.TestUpdateEvent" name="test_update_cancelled_raises" time="0.002" /><testcase classname="tests.unit.test_event_service.TestSearchEvents" name="test_search_by_title" time="0.002" /><testcase classname="tests.unit.test_event_service.TestSearchEvents" name="test_get_by_category" time="0.002" /><testcase classname="tests.unit.test_event_service.TestSearchEvents" name="test_get_available" time="0.002" /><testcase classname="tests.unit.test_event_service.TestSearchEvents" name="test_get_by_organizer" time="0.002" /><testcase classname="tests.unit.test_event_service.TestEventStats" name="test_statistics" time="0.002" /><testcase classname="tests.unit.test_event_service.TestSortStrategySwitch" name="test_set_sort_strategy" time="0.002" /><testcase classname="tests.unit.test_in_memory_repos.TestEventRepository" name="test_add_and_get" time="0.001" /><testcase classname="tests.unit.test_in_memory_repos.TestEventRepository" name="test_get_missing_none" time="0.001" /><testcase classname="tests.unit.test_in_memory_repos.TestEventRepository" name="test_get_all" time="0.001" /><testcase classname="tests.unit.test_in_memory_repos.TestEventRepository" name="test_update" time="0.001" /><testcase classname="tests.unit.test_in_memory_repos.TestEventRepository" name="test_delete" time="0.001" /><testcase classname="tests.unit.test_in_memory_repos.TestEventRepository" name="test_delete_missing" time="0.001" /><testcase classname="tests.unit.test_in_memory_repos.TestEventRepository" name="test_find_by_organizer" time="0.001" /><testcase classname="tests.unit.test_in_memory_repos.TestEventRepository" name="test_find_by_category" time="0.001" /><testcase classname="tests.unit.test_in_memory_repos.TestEventRepository" name="test_find_available" time="0.001" /><testcase classname="tests.unit.test_in_memory_repos.TestEventRepository" name="test_find_by_title_partial" time="0.001" /><testcase classname="tests.unit.test_in_memory_repos.TestEventRepository" name="test_clear_and_count" time="0.001" /><testcase classname="tests.unit.test_in_memory_repos.TestUserRepository" name="test_add_and_get" time="0.001" /><testcase classname="tests.unit.test_in_memory_repos.TestUserRepository" name="test_find_by_email" time="0.002" /><testcase classname="tests.unit.test_in_memory_repos.TestUserRepository" name="test_find_active" time="0.001" /><testcase classname="tests.unit.test_in_memory_repos.TestUserRepository" name="test_find_blocked" time="0.001" /><testcase classname="tests.unit.test_in_memory_repos.TestUserRepository" name="test_delete" time="0.001" /><testcase classname="tests.unit.test_in_memory_repos.TestRegistrationRepository" name="test_add_and_get" time="0.001" /><testcase classname="tests.unit.test_in_memory_repos.TestRegistrationRepository" name="test_find_by_user" time="0.001" /><testcase classname="tests.unit.test_in_memory_repos.TestRegistrationRepository" name="test_find_by_event" time="0.001" /><testcase classname="tests.unit.test_in_memory_repos.TestRegistrationRepository" name="test_find_active_by_event" time="0.001" /><testcase classname="tests.unit.test_in_memory_repos.TestRegistrationRepository" name="test_find_waitlisted" time="0.001" /><testcase classname="tests.unit.test_in_memory_repos.TestRegistrationRepository" name="test_find_by_user_and_event" time="0.001" /><testcase classname="tests.unit.test_in_memory_repos.TestRegistrationRepository" name="test_find_by_user_and_event_cancelled_not_found" time="0.001" /><testcase classname="tests.unit.test_in_memory_repos.TestNotificationRepository" name="test_add_and_get" time="0.001" /><testcase classname="tests.unit.test_in_memory_repos.TestNotificationRepository" name="test_find_by_user" time="0.001" /><testcase classname="tests.unit.test_in_memory_repos.TestNotificationRepository" name="test_find_unread" time="0.001" /><testcase classname="tests.unit.test_notification_model.TestNotificationCreation" name="test_not_read_by_default" time="0.001" /><testcase classname="tests.unit.test_notification_model.TestNotificationCreation" name="test_read_at_none_by_default" time="0.001" /><testcase classname="tests.unit.test_notification_model.TestNotificationCreation" name="test_event_id_optional" time="0.001" /><testcase classname="tests.unit.test_notification_model.TestNotificationMarkRead" name="test_mark_read" time="0.001" /><testcase classname="tests.unit.test_notification_model.TestNotificationMarkRead" name="test_mark_read_twice_safe" time="0.001" /><testcase classname="tests.unit.test_notification_model.TestNotificationMarkRead" name="test_equality" time="0.001" /><testcase classname="tests.unit.test_notification_model.TestNotificationMarkRead" name="test_hashable" time="0.001" /><testcase classname="tests.unit.test_notification_service.TestSendNotification" name="test_send_creates_notification" time="0.001" /><testcase classname="tests.unit.test_notification_service.TestSendNotification" name="test_send_without_event" time="0.001" /><testcase classname="tests.unit.test_notification_service.TestGetNotifications" name="test_get_user_notifications" time="0.001" /><testcase classname="tests.unit.test_notification_service.TestGetNotifications" name="test_get_unread" time="0.001" /><testcase classname="tests.unit.test_notification_service.TestGetNotifications" name="test_mark_read" time="0.001" /><testcase classname="tests.unit.test_notification_service.TestGetNotifications" name="test_mark_all_read" time="0.001" /><testcase classname="tests.unit.test_notification_service.TestGetNotifications" name="test_unread_count_zero_initially" time="0.001" /><testcase classname="tests.unit.test_notification_service.TestGetNotifications" name="test_notify_event_registrants" time="0.001" /><testcase classname="tests.unit.test_notification_service.TestGetNotifications" name="test_mark_read_missing_returns_none" time="0.001" /><testcase classname="tests.unit.test_observer.TestPlatformEventBus" name="test_publish_notifies_subscriber" time="0.001" /><testcase classname="tests.unit.test_observer.TestPlatformEventBus" name="test_no_notification_without_subscription" time="0.001" /><testcase classname="tests.unit.test_observer.TestPlatformEventBus" name="test_unsubscribe_stops_notifications" time="0.001" /><testcase classname="tests.unit.test_observer.TestPlatformEventBus" name="test_multiple_observers" time="0.001" /><testcase classname="tests.unit.test_observer.TestPlatformEventBus" name="test_event_log" time="0.001" /><testcase classname="tests.unit.test_observer.TestPlatformEventBus" name="test_clear_log" time="0.001" /><testcase classname="tests.unit.test_observer.TestPlatformEventBus" name="test_duplicate_subscribe_ignored" time="0.002" /><testcase classname="tests.unit.test_observer.TestPlatformEventBus" name="test_publish_no_data" time="0.001" /><testcase classname="tests.unit.test_observer.TestAuditObserver" name="test_creates_log_entry" time="0.001" /><testcase classname="tests.unit.test_observer.TestAuditObserver" name="test_multiple_entries" time="0.001" /><testcase classname="tests.unit.test_observer.TestWaitlistObserver" name="test_captures_promotion" time="0.001" /><testcase classname="tests.unit.test_observer.TestWaitlistObserver" name="test_ignores_other_events" time="0.001" /><testcase classname="tests.unit.test_observer.TestWaitlistObserver" name="test_clear" time="0.001" /><testcase classname="tests.unit.test_registration_model.TestRegistrationCreation" name="test_default_status_pending" time="0.001" /><testcase classname="tests.unit.test_registration_model.TestRegistrationCreation" name="test_not_checked_in_by_default" time="0.001" /><testcase classname="tests.unit.test_registration_model.TestRegistrationCreation" name="test_is_active_when_pending" time="0.002" /><testcase classname="tests.unit.test_registration_model.TestRegistrationConfirm" name="test_confirm_from_pending" time="0.001" /><testcase classname="tests.unit.test_registration_model.TestRegistrationConfirm" name="test_confirm_already_confirmed_fails" time="0.001" /><testcase classname="tests.unit.test_registration_model.TestRegistrationConfirm" name="test_confirm_waitlisted_fails" time="0.001" /><testcase classname="tests.unit.test_registration_model.TestRegistrationCancel" name="test_cancel_pending" time="0.001" /><testcase classname="tests.unit.test_registration_model.TestRegistrationCancel" name="test_cancel_confirmed" time="0.001" /><testcase classname="tests.unit.test_registration_model.TestRegistrationCancel" name="test_cancel_waitlisted" time="0.001" /><testcase classname="tests.unit.test_registration_model.TestRegistrationCancel" name="test_cancel_already_cancelled_fails" time="0.001" /><testcase classname="tests.unit.test_registration_model.TestRegistrationCancel" name="test_cancelled_not_active" time="0.001" /><testcase classname="tests.unit.test_registration_model.TestRegistrationCheckIn" name="test_check_in_confirmed" time="0.001" /><testcase classname="tests.unit.test_registration_model.TestRegistrationCheckIn" name="test_check_in_pending_fails" time="0.001" /><testcase classname="tests.unit.test_registration_model.TestRegistrationCheckIn" name="test_check_in_twice_fails" time="0.001" /><testcase classname="tests.unit.test_registration_model.TestWaitlist" name="test_add_to_waitlist" time="0.001" /><testcase classname="tests.unit.test_registration_model.TestWaitlist" name="test_add_confirmed_to_waitlist_fails" time="0.001" /><testcase classname="tests.unit.test_registration_model.TestWaitlist" name="test_promote_from_waitlist" time="0.001" /><testcase classname="tests.unit.test_registration_model.TestWaitlist" name="test_promote_not_waitlisted_fails" time="0.001" /><testcase classname="tests.unit.test_registration_model.TestRegistrationEquality" name="test_equal_by_id" time="0.001" /><testcase classname="tests.unit.test_registration_model.TestRegistrationEquality" name="test_hashable" time="0.001" /><testcase classname="tests.unit.test_registration_service.TestRegister" name="test_register_success" time="0.001" /><testcase classname="tests.unit.test_registration_service.TestRegister" name="test_register_decrements_spots" time="0.001" /><testcase classname="tests.unit.test_registration_service.TestRegister" name="test_register_adds_to_user" time="0.001" /><testcase classname="tests.unit.test_registration_service.TestRegister" name="test_register_missing_user_raises" time="0.001" /><testcase classname="tests.unit.test_registration_service.TestRegister" name="test_register_missing_event_raises" time="0.002" /><testcase classname="tests.unit.test_registration_service.TestRegister" name="test_register_blocked_user_raises" time="0.001" /><testcase classname="tests.unit.test_registration_service.TestRegister" name="test_register_twice_raises" time="0.001" /><testcase classname="tests.unit.test_registration_service.TestRegister" name="test_register_cancelled_event_raises" time="0.001" /><testcase classname="tests.unit.test_registration_service.TestRegister" name="test_register_draft_event_raises" time="0.001" /><testcase classname="tests.unit.test_registration_service.TestRegister" name="test_register_full_event_goes_to_waitlist" time="0.001" /><testcase classname="tests.unit.test_registration_service.TestRegister" name="test_register_publishes_event" time="0.001" /><testcase classname="tests.unit.test_registration_service.TestRegister" name="test_registration_limit_exceeded_raises" time="0.001" /><testcase classname="tests.unit.test_registration_service.TestCancelRegistration" name="test_cancel_success" time="0.001" /><testcase classname="tests.unit.test_registration_service.TestCancelRegistration" name="test_cancel_restores_spot" time="0.001" /><testcase classname="tests.unit.test_registration_service.TestCancelRegistration" name="test_cancel_removes_from_user" time="0.002" /><testcase classname="tests.unit.test_registration_service.TestCancelRegistration" name="test_cancel_missing_raises" time="0.001" /><testcase classname="tests.unit.test_registration_service.TestCancelRegistration" name="test_cancel_promotes_waitlist" time="0.001" /><testcase classname="tests.unit.test_registration_service.TestCheckIn" name="test_check_in_confirmed" time="0.001" /><testcase classname="tests.unit.test_registration_service.TestCheckIn" name="test_check_in_missing_raises" time="0.001" /><testcase classname="tests.unit.test_registration_service.TestStatistics" name="test_statistics" time="0.001" /><testcase classname="tests.unit.test_sort_strategies.TestSortByDateAsc" name="test_sorted_ascending" time="0.001" /><testcase classname="tests.unit.test_sort_strategies.TestSortByDateAsc" name="test_name" time="0.001" /><testcase classname="tests.unit.test_sort_strategies.TestSortByDateAsc" name="test_empty_list" time="0.001" /><testcase classname="tests.unit.test_sort_strategies.TestSortByDateAsc" name="test_single_item" time="0.001" /><testcase classname="tests.unit.test_sort_strategies.TestSortByDateDesc" name="test_sorted_descending" time="0.001" /><testcase classname="tests.unit.test_sort_strategies.TestSortByDateDesc" name="test_name" time="0.001" /><testcase classname="tests.unit.test_sort_strategies.TestSortByPopularity" name="test_most_registered_first" time="0.001" /><testcase classname="tests.unit.test_sort_strategies.TestSortByPopularity" name="test_name" time="0.001" /><testcase classname="tests.unit.test_sort_strategies.TestSortByPriceAsc" name="test_cheapest_first" time="0.001" /><testcase classname="tests.unit.test_sort_strategies.TestSortByPriceAsc" name="test_name" time="0.001" /><testcase classname="tests.unit.test_sort_strategies.TestSortByPriceDesc" name="test_most_expensive_first" time="0.001" /><testcase classname="tests.unit.test_sort_strategies.TestSortByPriceDesc" name="test_name" time="0.001" /><testcase classname="tests.unit.test_sort_strategies.TestSortByTitle" name="test_alphabetical_order" time="0.001" /><testcase classname="tests.unit.test_sort_strategies.TestSortByTitle" name="test_name" time="0.001" /><testcase classname="tests.unit.test_sort_strategies.TestSortBySpotsLeft" name="test_most_available_first" time="0.001" /><testcase classname="tests.unit.test_sort_strategies.TestSortBySpotsLeft" name="test_name" time="0.001" /><testcase classname="tests.unit.test_user_model.TestUserCreation" name="test_default_status_active" time="0.001" /><testcase classname="tests.unit.test_user_model.TestUserCreation" name="test_default_empty_registrations" time="0.001" /><testcase classname="tests.unit.test_user_model.TestUserCreation" name="test_default_empty_organized_events" time="0.001" /><testcase classname="tests.unit.test_user_model.TestUserCreation" name="test_is_active" time="0.001" /><testcase classname="tests.unit.test_user_model.TestUserCreation" name="test_is_not_blocked_by_default" time="0.001" /><testcase classname="tests.unit.test_user_model.TestUserCanRegister" name="test_active_user_can_register" time="0.001" /><testcase classname="tests.unit.test_user_model.TestUserCanRegister" name="test_blocked_user_cannot_register" time="0.001" /><testcase classname="tests.unit.test_user_model.TestUserCanRegister" name="test_user_at_max_registrations_cannot_register" time="0.001" /><testcase classname="tests.unit.test_user_model.TestUserCanOrganize" name="test_organizer_can_organize" time="0.001" /><testcase classname="tests.unit.test_user_model.TestUserCanOrganize" name="test_participant_cannot_organize" time="0.001" /><testcase classname="tests.unit.test_user_model.TestUserCanOrganize" name="test_admin_can_organize" time="0.001" /><testcase classname="tests.unit.test_user_model.TestUserCanOrganize" name="test_blocked_organizer_cannot_organize" time="0.001" /><testcase classname="tests.unit.test_user_model.TestUserBlock" name="test_block_sets_status" time="0.001" /><testcase classname="tests.unit.test_user_model.TestUserBlock" name="test_block_sets_reason" time="0.001" /><testcase classname="tests.unit.test_user_model.TestUserBlock" name="test_block_sets_timestamp" time="0.001" /><testcase classname="tests.unit.test_user_model.TestUserBlock" name="test_unblock_restores_active" time="0.001" /><testcase classname="tests.unit.test_user_model.TestUserBlock" name="test_unblock_clears_reason" time="0.001" /><testcase classname="tests.unit.test_user_model.TestUserRegistrations" name="test_add_registration" time="0.001" /><testcase classname="tests.unit.test_user_model.TestUserRegistrations" name="test_add_duplicate_ignored" time="0.001" /><testcase classname="tests.unit.test_user_model.TestUserRegistrations" name="test_remove_registration" time="0.001" /><testcase classname="tests.unit.test_user_model.TestUserRegistrations" name="test_remove_nonexistent_safe" time="0.001" /><testcase classname="tests.unit.test_user_model.TestUserRegistrations" name="test_add_organized_event" time="0.001" /><testcase classname="tests.unit.test_user_model.TestUserEquality" name="test_equal_by_id" time="0.000" /><testcase classname="tests.unit.test_user_model.TestUserEquality" name="test_not_equal_different_id" time="0.002" /><testcase classname="tests.unit.test_user_model.TestUserEquality" name="test_hashable" time="0.001" /><testcase classname="tests.unit.test_user_service.TestRegisterUser" name="test_register_participant" time="0.001" /><testcase classname="tests.unit.test_user_service.TestRegisterUser" name="test_register_organizer" time="0.001" /><testcase classname="tests.unit.test_user_service.TestRegisterUser" name="test_duplicate_email_raises" time="0.001" /><testcase classname="tests.unit.test_user_service.TestRegisterUser" name="test_generated_id" time="0.001" /><testcase classname="tests.unit.test_user_service.TestGetUser" name="test_get_existing" time="0.003" /><testcase classname="tests.unit.test_user_service.TestGetUser" name="test_get_missing_raises" time="0.001" /><testcase classname="tests.unit.test_user_service.TestBlockUser" name="test_block_by_admin" time="0.002" /><testcase classname="tests.unit.test_user_service.TestBlockUser" name="test_block_by_non_admin_raises" time="0.001" /><testcase classname="tests.unit.test_user_service.TestBlockUser" name="test_unblock_by_admin" time="0.003" /><testcase classname="tests.unit.test_user_service.TestPromoteToOrganizer" name="test_promote_by_admin" time="0.001" /><testcase classname="tests.unit.test_user_service.TestPromoteToOrganizer" name="test_promote_by_non_admin_raises" time="0.001" /><testcase classname="tests.unit.test_user_service.TestStatistics" name="test_statistics" time="0.001" /></testsuite></testsuites>